------------------------------------------------------------
TimeQuest Timing Analyzer Summary
------------------------------------------------------------

Type  : Slow 1200mV 85C Model Setup 'myAltPll_inst|altpll_component|auto_generated|pll1|clk[0]'
Slack : 71.086
TNS   : 0.000

Type  : Slow 1200mV 85C Model Hold 'myAltPll_inst|altpll_component|auto_generated|pll1|clk[0]'
Slack : 0.454
TNS   : 0.000

Type  : Slow 1200mV 85C Model Minimum Pulse Width 'mainClk'
Slack : 0.338
TNS   : 0.000

Type  : Slow 1200mV 85C Model Minimum Pulse Width 'myAltPll_inst|altpll_component|auto_generated|pll1|clk[0]'
Slack : 49.190
TNS   : 0.000

Type  : Slow 1200mV 0C Model Setup 'myAltPll_inst|altpll_component|auto_generated|pll1|clk[0]'
Slack : 72.625
TNS   : 0.000

Type  : Slow 1200mV 0C Model Hold 'myAltPll_inst|altpll_component|auto_generated|pll1|clk[0]'
Slack : 0.402
TNS   : 0.000

Type  : Slow 1200mV 0C Model Minimum Pulse Width 'mainClk'
Slack : 0.379
TNS   : 0.000

Type  : Slow 1200mV 0C Model Minimum Pulse Width 'myAltPll_inst|altpll_component|auto_generated|pll1|clk[0]'
Slack : 49.256
TNS   : 0.000

Type  : Fast 1200mV 0C Model Setup 'myAltPll_inst|altpll_component|auto_generated|pll1|clk[0]'
Slack : 83.733
TNS   : 0.000

Type  : Fast 1200mV 0C Model Hold 'myAltPll_inst|altpll_component|auto_generated|pll1|clk[0]'
Slack : 0.187
TNS   : 0.000

Type  : Fast 1200mV 0C Model Minimum Pulse Width 'mainClk'
Slack : 0.500
TNS   : 0.000

Type  : Fast 1200mV 0C Model Minimum Pulse Width 'myAltPll_inst|altpll_component|auto_generated|pll1|clk[0]'
Slack : 49.538
TNS   : 0.000

------------------------------------------------------------
